[{"conName":"UnboundTermVariable","conIndex":"0"},{"conName":"UnboundTypeVariable","conIndex":"1"},{"conName":"InvalidCapabilityReference","conIndex":"2"},{"conName":"NoSuchModuleMember","conIndex":"3"},{"conName":"NoSuchModule","conIndex":"4"},{"conName":"NoSuchInterface","conIndex":"5"},{"conName":"ImplementationError","conIndex":"6"},{"conName":"NotImplemented","conIndex":"7"},{"conName":"RecursionDetected","conIndex":"8"},{"conName":"NotAllowedWithinDefcap","conIndex":"9"},{"conName":"NotAllowedOutsideModule","conIndex":"a"},{"conName":"InvalidGovernanceRef","conIndex":"b"},{"conName":"InvalidDefInTermVariable","conIndex":"c"},{"conName":"InvalidModuleReference","conIndex":"d"},{"conName":"EmptyBindingBody","conIndex":"e"},{"conName":"EmptyDefPact","conIndex":"f"},{"conName":"LastStepWithRollback","conIndex":"10"},{"conName":"ExpectedFreeVariable","conIndex":"11"},{"conName":"InvalidManagedArg","conIndex":"12"},{"conName":"InvalidImports","conIndex":"13"},{"conName":"InvalidImportModuleHash","conIndex":"14"},{"conName":"InvalidSyntax","conIndex":"15"},{"conName":"InvalidDefInSchemaPosition","conIndex":"16"},{"conName":"InvalidDynamicInvoke","conIndex":"17"},{"conName":"DuplicateDefinition","conIndex":"18"},{"conName":"InvalidBlessedHash","conIndex":"19"}]