[{"conName":"LexicalError","conIndex":"0"},{"conName":"StringLiteralError","conIndex":"1"},{"conName":"OutOfInputError","conIndex":"2"}]
