{"conName":"PELexerError","conIndex":"0"}
{"conName":"PEParseError","conIndex":"1"}
{"conName":"PEDesugarError","conIndex":"2"}
{"conName":"PEExecutionError","conIndex":"3"}
{"conName":"PEUserRecoverableError","conIndex":"4"}

