[{"conName":"ParsingError","conIndex":"0"},{"conName":"TooManyCloseParens","conIndex":"1"},{"conName":"UnexpectedInput","conIndex":"2"},{"conName":"PrecisionOverflowError","conIndex":"3"},{"conName":"InvalidBaseType","conIndex":"4"}]