!=: 1026
&: 1000
*: 52
+: 55
-: 55
/: 52
<: 114
<=: 114
=: 1026
>: 114
>=: 114
^: 5000
abs: 50
add-time: 5000
and?: 253
at: 2500
base64-decode: 1081
base64-encode: 1061
bind: 1300
ceiling: 50
chain-data: 500
compose-capability: 60004137
compose: 1261
concat: 721
cond: 2202
contains: 231
continue: 60000506
create-capability-guard: 60000298
create-capability-pact-guard: 60000339
create-module-guard: 60000242
create-pact-guard: 60000284
create-principal: 1752
create-table: 60250224
days: 4000
dec: 25
define-keyset: 37210
define-namespace: 99295
describe-keyset: 137210
describe-module: 60100161
describe-namespace: 199710
describe-table: 60350224
diff-time: 12164
distinct: 1402
drop: 725
emit-event: 60001323
enforce-guard: 9816
enforce-keyset: 9816
enforce-verifier: 10250
enumerate: 230
hash: 150
hours: 4000
identity: 25
insert: 60383431
install-capability: 60002843
int-to-str: 602
is-charset: 1788
is-principal: 447
keylog: 160383431
keys: 100383431
keyset-ref-guard: 44231
length: 576
ln: 12000
log: 6000
make-list: 161
map: 1015
minutes: 4000
mod: 1
namespace: 99313
negate: 50
not: 139
<<<<<<< HEAD
not?: 189
or?: 189
pact-id: 60000268
pairing-check: 67003144
=======
not?: 139
or?: 139
pact-id: 60000090
pairing-check: 66999943
>>>>>>> d095e21a (rebase, fix gas costs to ensure both interpreters are consistent)
parse-time: 2102
point-add: 5425
poseidon-hash-hack-a-chain: 6393700
read-decimal: 128
read-integer: 128
read-keyset: 37239
read-msg: 128
read-string: 128
read: 60393431
remove: 261
<<<<<<< HEAD
require-capability: 60002775
resume: 60006674
=======
require-capability: 60002282
resume: 60006189
>>>>>>> d095e21a (rebase, fix gas costs to ensure both interpreters are consistent)
reverse: 601
round: 50
scalar-mult: 360225
select: 100383581
shift: 4
show: 101
sort: 1002
sqrt: 12000
str-to-int: 111
str-to-list: 1501
take: 1525
time: 2000
tx-hash: 25
txids: 160383431
txlog: 160383431
typeof-principal: 647
typeof: 25
update: 60516638
validate-principal: 4940
<<<<<<< HEAD
where: 979
with-default-read: 60405981
with-read: 60394506
write: 60383431
=======
where: 1079
with-default-read: 60406765
with-read: 60395290
write: 60384215
>>>>>>> d095e21a (rebase, fix gas costs to ensure both interpreters are consistent)
xor: 2000
yield: 60002446
zip: 3822
|: 2000
~: 1000
